48 40
^^^^^^^^^^^^^^^^^^^^^^^^^^^^^^^^^^^^^^^^^^^^^^^^
^T....T....T....T....T....T....T....T....T....T^
^.T....T....T.hThhhhhhhhhhhhhhhhhTh..T....T....^
^..T....T....ThhhhhThhhhhhhhhThhhhh...T....T...^
^...T....T....hhhhhhhhhhhhhhhhhhhhh....T....T..^
^....T....T...hhhhhhhhhhhhhhhhhhhhhT....T....T.^
^T....T....T..hhhhhhhhhhhhhhhhhhhhh.T....T....T^
^.T....T....T.hhhhhhhhhhhhhhhhhhhhh..T....T....^
^..T....T....ThhhhhhhhhhhhhhhhhhhhT...T....T...^
^...T....T....Thhhhhhhhhhhhhhhhhhhh....T....T..^
^....T....T...hhhhxhhhhhhhhhhhhxhhhT....T....B.^
^T....T....T..hhxhhhxhYhhhhhhxhhhhh.T....T....B^
^.T....T....G...........m...........G.....T....^
^..T....T...............d..................T.B.^
^...T....T..............d..............T..~~T.B^
^....T..................d...............T.~~.T.^
^T....T.................G................T~~.BT^
^.T....T...........................sssssss~~..B^
^..................................sssssss~~...^
^........T.........................sssOsss~~TB.^
^....F.............................sssosss~~.TB^
^T.........T....T....T..,,,,,,,,,,,sssssss~~..T^
^.T.........T....T....T.,..........sssssss~~.B.^
^............T....T.....,...T....T.sssssss~~..B^
^...T....T....T....T....,....T....T....T..~~T..^
^....T....T....T....T...,.....T....T....T.~~.B.^
^T....T....T....T....T..,.T....T....T....T~~..B^
^.T..............T....T.,..T....T....T....~~...^
^..T...AA.....AA..T.....,...T....T....T...~~.B.^
^...T..............T....,....T....T....T..~~T.B^
^....T......k...........,.....T....T....T.~~.T.^
^T..........,,,,,,,,,,,,,.T....T....T....T~~.BT^
^.T.....................,..T....T....T....~~..B^
^..T..............T.....,...T....T....T...~~...^
^...T..............T....,....T....T....T..~~TB.^
^....T....T....T....T...,.....T....T....T.~~.TB^
^T....T....T....T....T..,.T....T....T....T~~..T^
^.T....T....T....T....T.,..T....T....T....~~.B.^
^..T....T....T....T.....,...T....T....T...~~..B^
^^^^^^^^^^^^^^^^^^^^^^^^>^^^^^^^^^^^^^^^^^^^^^^^
