32 32
................................
................................
................................
...##########################...
...#...........,............#...
...#..[RRRRRR].,............#...
...#..H______H.,...[RRRRRR].#...
...#..H______H.,...H______H.#...
...#..H______H.,...H______H.#...
...#..H______H.,...H______H.#...
...#..H______H.,...H______H.#...
...#..HHH+HHHH.,...H______H.#...
...#.....,.....,...HHH+HHHH.#...
...#.S...,.l...,......,.l...#...
...#.....,.....,......,...B.#...
...#,,,,,,,,,,,,,,,,,,,,,,,,#...
...#.S.........,.~~~.....S..#...
...#...........,.~~~........#...
...#...........,........B...#...
...#.S.........,..........B.#...
...#...S.......,,,,,........#...
...#....ssss...,........B...#...
...#.S..ssSs...,..........B.#...
...#..SSssss.l.,.l..S.......#...
...#....ssss...,........B...#...
...#.S..ssSs...,......B...B.#...
...#....ssss.l.,.l...S......#...
...#...........,............#...
...############<#############...
................................
................................
................................
