48 40
^^^^^^^^^^^^^^^^^^^^^^^^^^^^^^^^^^^^^^^^^^^^^^^^
^....S............................B............^
^.........S....T.TT.TT.~~~.............B.......^
^.............TSTT.TT.T~~~..................B..^
^..............TT.TTSTT~~~.....................^
^.............TT.TT.TT.~~~.....................^
^T............T.TT.TT.T~~~....B.....sssss......^
^.....T........TT.TT.TT~~~.........Blsssl......^
^.........>T...T.TT.TT.~~~..........ss*ss......^
^........S,S....TT.TT..~~~..........ss,ss....B.^
^.........,..........T.~~~..........ss,ss......^
^.........,............~~~B...........,........^
^.T.......,............~~~.....B......,........^
^..TT.TT..,,,,,,,,,,,,,===,,,,,,,,,,,,,........^
^.TT.TT.T.,.T..........~~~...............B.....^
^.T.TT.TT.,......T.....~~~....................B^
^..TT.TT.T,...........T~~~....BB.BB............^
^.TT.TT.TT,............~~~.B.BB.BB.BB..........^
^.TSTT.TT.,............~~~..BB.BB.BB.B.........^
^..TT.TTST,............~~~.BB.BB.BB.BB.........^
^.TT.TT.T.,.SS.........~~~BB.BB.BB.BB.B...B....^
^...TT.T..,.......S....~~~B.BB.BB.BB.BB........^
^.......S.,............~~~.BB.BB.BB.BB.........^
^.........,..rrrrrr....~~~BBBBB.BB.BB.B........^
^...T.....,..rrrrrr....~~~B.BB.BBBBB.BB........^
^.......ST,..rrrrrr....~~~.BB.BB.BB.BBB........^
^.........,..rrrrrr....~~~.B.BB.BB.BB......B...^
^.........,..rrrrrrT...~~~..BB.BB.BB....BB.B...^
^.........,.Srrrrrr....~~~....BB.BB....BB.BB...^
^.........,............~~~...B........BB.BB.BB.^
^....T....,............~~~........B..BB.BB.BB..^
^.........,............~~~..........BB.BB.BB.B.^
^.........,....T.......~~~..........B.BB.BB.BB.^
^.........,.........T..~~~...........BB.BB.BB..^
^......................~~~..........BB.BB.BB.B.^
^S............................B.......BB.BB.BB.^
^.....S............................B..B.BB.BB..^
^..........S...........................BB.BB...^
^...............S............................B.^
^^^^^^^^^^^^^^^^^^^^^^^^^^^^^^^^^^^^^^^^^^^^^^^^
